<?xml version="1.0" encoding="utf-8"?>
<map>
  <headers>DstStartLine,DstStartColumn,DstEndLine,DstEndColumn,SrcStartPosition,SrcEndPosition,SrcStartLine,SrcStartColumn,SrcEndLine,SrcEndColumn,SrcFileId,SymbolType,ParentFunction</headers>
  <scriptFiles>
    <scriptFile path="C:\codeplex\ajaxmin\TestResults\ronlo_RONLOMAC 2012-08-28 07_48_32\Out\JS\Input\XmlInput\..\..\Output\XmlInput\SecondOutputFile.js">
      <s>1,9,1,11,10,12,1,10,1,12,1,ConstantWrapper,</s>
      <s>1,4,1,11,4,12,1,4,1,12,1,VariableDeclaration,</s>
      <s>1,1,1,11,0,12,1,0,1,12,1,Var,</s>
      <s>1,21,1,24,24,27,2,9,2,12,1,Lookup,ack</s>
      <s>1,32,1,37,43,48,4,4,4,9,1,Lookup,ack</s>
      <s>1,38,1,43,49,54,4,10,4,15,1,Lookup,ack</s>
      <s>1,32,1,44,43,55,4,4,4,16,1,CallNode,ack</s>
      <s>1,31,1,45,36,59,3,0,5,1,1,Block,ack</s>
      <s>1,12,1,45,15,59,2,0,5,1,1,FunctionObject,ack</s>
      <s>1,53,1,55,10,12,1,10,1,12,2,ConstantWrapper,</s>
      <s>1,48,1,55,4,12,1,4,1,12,2,VariableDeclaration,</s>
      <s>1,45,1,55,0,12,1,0,1,12,2,Var,</s>
      <s>1,56,1,61,0,5,1,0,1,5,3,Lookup,</s>
      <s>1,62,1,72,6,16,1,6,1,16,3,ConstantWrapper,</s>
      <s>1,56,1,73,0,17,1,0,1,17,3,CallNode,</s>
      <checksum value="FB-DC-DE-84-AC-87-DA-72-53-46-18-D6-58-88-B2-D2" />
    </scriptFile>
  </scriptFiles>
  <sourceFiles>
    <sourceFile id="1" path="C:\codeplex\ajaxmin\TestResults\ronlo_RONLOMAC 2012-08-28 07_48_32\Out\JS\Input\XmlInput\input2.js" />
    <sourceFile id="2" path="C:\codeplex\ajaxmin\TestResults\ronlo_RONLOMAC 2012-08-28 07_48_32\Out\JS\Input\XmlInput\input1.js" />
    <sourceFile id="3" path="C:\codeplex\ajaxmin\TestResults\ronlo_RONLOMAC 2012-08-28 07_48_32\Out\JS\Input\XmlInput\input3.js" />
  </sourceFiles>
</map>